[saudeprimeiro.org/coquetel-espanhol/index.html]
[backblue.gif]
[fade.gif]
[index.html]
[saudeprimeiro.org/wp-includes/css/dist/block-library/style.min6a4d.css]
[saudeprimeiro.org/wp-includes/css/classic-themes.min68b3.css]
[saudeprimeiro.org/wp-content/themes/twentytwentyone/style97e1.css]
[saudeprimeiro.org/wp-content/themes/twentytwentyone/assets/css/print97e1.css]
[saudeprimeiro.org/wp-content/plugins/elementor/assets/lib/eicons/css/elementor-icons.min91ce.css]
[saudeprimeiro.org/wp-content/plugins/elementor/assets/css/frontend-lite.min9e95.css]
[saudeprimeiro.org/wp-content/uploads/elementor/css/post-573b5.css]
[saudeprimeiro.org/wp-content/uploads/elementor/css/global2937.css]
[saudeprimeiro.org/wp-content/uploads/elementor/css/post-190a7f7.css]
[scripts.converteai.net/799710b8-6f84-4221-b650-ce0417f3dd50/players/637e392606deba000b064884/player.js]
[cdn.converteai.net/lib/js/smartplayer/v1/smartplayer.min.js]
[images.converteai.net/799710b8-6f84-4221-b650-ce0417f3dd50/players/637e392606deba000b064884/thumbnail.jpg]
[saudeprimeiro.org/wp-content/uploads/2023/01/garantia-de-devolucion-15-dias.png]
[saudeprimeiro.org/wp-content/uploads/2023/01/Coctel-Quema-de-Grasa-1024x1024.jpg]
[coprodutordeelite.com/wp-content/uploads/2022/01/likes.e.delayed]
[rendadofuturoo.com/wp-content/uploads/2022/08/01.png]
[saudeprimeiro.org/coquetel-espanhol/wp-content/uploads/2022/03/depoimento-segredo-1.png]
[rendadofuturoo.com/wp-content/uploads/2022/08/2-1.png]
[saudeprimeiro.org/coquetel-espanhol/wp-content/uploads/2022/03/depoimento-segredo-2.png]
[i.imgur.com/DlnBRyw.jpg]
[i.imgur.com/bqtPKG5.jpg]
[i.imgur.com/l5whLvk.jpg]
[i.imgur.com/ALbA1fC.jpg]
[i.imgur.com/KoQc1PI.jpg]
[saudeprimeiro.org/wp-content/themes/twentytwentyone/assets/js/polyfills97e1.js]
[saudeprimeiro.org/wp-content/themes/twentytwentyone/assets/js/responsive-embeds97e1.js]
[saudeprimeiro.org/wp-content/plugins/elementor/assets/js/webpack.runtime.min9e95.js]
[saudeprimeiro.org/wp-includes/js/jquery/jquery-migrate.mind617.js]
[saudeprimeiro.org/coquetel-espanhol/Trident/index.html]
[saudeprimeiro.org/wp-content/plugins/elementor/assets/js/frontend-modules.min9e95.js]
[saudeprimeiro.org/wp-includes/js/jquery/jquery.mina7a0.js]
[saudeprimeiro.org/wp-content/plugins/elementor/assets/lib/waypoints/waypoints.min05da.js]
[saudeprimeiro.org/wp-includes/js/jquery/ui/core.min3f14.js]
[saudeprimeiro.org/wp-content/plugins/elementor/assets/js/frontend.min9e95.js]
[saudeprimeiro.org/coquetel-espanhol/index.html]
[saudeprimeiro.org/wp-includes/css/dist/block-library/style.min6a4d.css]
[saudeprimeiro.org/wp-includes/css/classic-themes.min68b3.css]
[saudeprimeiro.org/wp-content/themes/twentytwentyone/style97e1.css]
[saudeprimeiro.org/wp-content/themes/twentytwentyone/assets/css/print97e1.css]
[saudeprimeiro.org/wp-content/plugins/elementor/assets/lib/eicons/css/elementor-icons.min91ce.css]
[saudeprimeiro.org/wp-content/plugins/elementor/assets/css/frontend-lite.min9e95.css]
[saudeprimeiro.org/wp-content/uploads/elementor/css/post-573b5.css]
[saudeprimeiro.org/wp-content/uploads/elementor/css/global2937.css]
[saudeprimeiro.org/wp-content/uploads/2022/11/1098137.jpg]
[saudeprimeiro.org/wp-content/uploads/elementor/css/post-190a7f7.css]
[coprodutordeelite.com/wp-content/uploads/2022/01/likes.html]
[saudeprimeiro.org/coquetel-espanhol/wp-content/uploads/2022/03/depoimento-segredo-1.html]
[saudeprimeiro.org/coquetel-espanhol/wp-content/uploads/2022/03/depoimento-segredo-2.html]
[saudeprimeiro.org/coquetel-espanhol/Trident/index.html]
